  osmotic_shock CONTROL seed=42: QUI=0.06 REV=0.85
  osmotic_shock RIS_ABLATE seed=42: QUI=0.03 REV=0.93
  osmotic_shock CONTROL seed=43: QUI=0.08 REV=0.89
  osmotic_shock RIS_ABLATE seed=43: QUI=0.08 REV=0.83
  osmotic_shock CONTROL seed=44: QUI=0.08 REV=0.89
  osmotic_shock RIS_ABLATE seed=44: QUI=0.08 REV=0.83
→ osmotic_shock: Mode 1 (max |Δ|=0.017)
  food CONTROL seed=42: QUI=0.09 REV=0.82
  food RIS_ABLATE seed=42: QUI=0.03 REV=0.87
  food CONTROL seed=43: QUI=0.08 REV=0.78
  food RIS_ABLATE seed=43: QUI=0.03 REV=0.77
  food CONTROL seed=44: QUI=0.05 REV=0.92
  food RIS_ABLATE seed=44: QUI=0.04 REV=0.93
→ food: Mode 1 (max |Δ|=0.037)
  spontaneous CONTROL seed=42: QUI=0.06 REV=0.74
  spontaneous RIS_ABLATE seed=42: QUI=0.03 REV=0.82
  spontaneous CONTROL seed=43: QUI=0.09 REV=0.88
  spontaneous RIS_ABLATE seed=43: QUI=0.04 REV=0.92
  spontaneous CONTROL seed=44: QUI=0.15 REV=0.58
  spontaneous RIS_ABLATE seed=44: QUI=0.11 REV=0.73
→ spontaneous: Mode 1 (max |Δ|=0.095)
