INFO       Cache size for target 'cython': 1640 MB.
You can call clear_cache('cython') to delete all files from the cache or manually delete files in the '/home/rohit/.cython/brian_extensions' directory. [brian2]
========================================================================================================================
Pump-capacity scaling test (channel-load-proportional)
AVAL channel load anchor: 1.819e-05 S/cm²
========================================================================================================================

cell      nch    totgbar  p_scale |     V mV      Ca μM   Na mM    K mM  Cl mM | OK
--------------------------------------------------------------------------------------------------------------
AVE        12  3.858e-04     5.00 |   -74.62      0.081   12.05  126.91   4.40 | OK 
HSN        11  1.197e-03     5.00 |   -68.56      0.123    9.89  131.14   4.35 | OK 
RIB         6  6.271e-04     5.00 |   -67.26      0.168   10.57  131.00   4.35 | OK 
VD_DD       9  2.567e-04     5.00 |   -82.51      0.061    9.85  125.94   4.41 | OK 
RIM        11  1.607e-04     5.00 |   -52.18      7.045  109.07   40.84   6.11 | WARN
AVA         9  2.118e-04     5.00 |   -80.67      0.066   10.29  126.24   4.41 | OK 
AIY         5  4.528e-05     2.49 |   -89.46      0.056   10.20  139.63   4.89 | OK 
ASEL        9  1.177e-04     5.00 |   -68.79      0.064    8.93  131.94   4.34 | OK 
AWA        13  1.183e-04     5.00 |   -68.61      0.085    8.96  131.97   4.34 | OK 
I3          9  3.336e-04     5.00 |   -83.52      0.063    9.28  126.08   4.41 | OK 
M3          9  2.883e-04     5.00 |   -83.39      0.057    9.28  126.13   4.41 | OK 
PQR        11  6.511e-04     5.00 |   -68.99      0.064    9.00  131.79   4.34 | OK 
AVL        10  1.254e-04     5.00 |   -68.62      0.107    9.02  131.91   4.34 | OK 
MC          8  5.368e-04     5.00 |   -85.14      0.055    9.32  125.44   4.42 | OK 

Plausible: 13/14
