INFO       Cache size for target 'cython': 1613 MB.
You can call clear_cache('cython') to delete all files from the cache or manually delete files in the '/home/rohit/.cython/brian_extensions' directory. [brian2]
========================================================================================================================
Pump-capacity scaling test (channel-load-proportional)
AVAL channel load anchor: 1.819e-05 S/cm²
========================================================================================================================

cell      nch    totgbar  p_scale |     V mV      Ca μM   Na mM    K mM  Cl mM | OK
--------------------------------------------------------------------------------------------------------------
AVE        12  3.858e-04     5.00 |   -74.26      0.082   12.29  126.82   4.40 | OK 
HSN        11  1.197e-03     5.00 |   -67.85      0.370   10.10  131.18   4.35 | OK 
RIB         6  6.271e-04     5.00 |   -66.59      0.338   10.74  131.08   4.35 | OK 
VD_DD       9  2.567e-04     5.00 |   -82.15      0.072   10.27  125.69   4.42 | OK 
RIM        11  1.607e-04     5.00 |   -31.07     23.187  137.07   18.52   6.98 | WARN
AVA         9  2.118e-04     5.00 |   -80.26      0.067   10.67  126.04   4.41 | OK 
AIY         5  4.528e-05     2.49 |   -89.25      0.056   11.23  138.68   4.90 | OK 
ASEL        9  1.177e-04     5.00 |   -67.62      0.067    9.17  132.17   4.34 | OK 
AWA        13  1.183e-04     5.00 |   -67.45      0.092    9.20  132.20   4.34 | OK 
I3          9  3.336e-04     5.00 |   -83.15      0.064    9.74  125.80   4.41 | OK 
M3          9  2.883e-04     5.00 |   -83.02      0.057    9.73  125.85   4.41 | OK 
PQR        11  6.511e-04     5.00 |   -67.91      0.067    9.25  131.98   4.34 | OK 
AVL        10  1.254e-04     5.00 |   -67.46      0.238    9.26  132.11   4.34 | OK 
MC          8  5.368e-04     5.00 |   -84.90      0.066    9.80  125.08   4.42 | OK 

Plausible: 13/14
