
==============================================================================
  CP2 test point: W_graded_I = 0.3 pA
==============================================================================
WARNING    The object 'networkoperation' is getting deleted, but was never included in a network. This probably means that you did not store the object reference in a variable, or that the variable was not used to construct the network.
The object was created here (most recent call only):
  File '/mnt/ssd4tb/Desktop/website/personalwebsite/scripts/brain/wave2/option_alpha_ava_cell.py', line 189, in _factory
    @network_operation(dt=0.025 * ms) [brian2.core.base.unused_brian_object]
WARNING    The object 'networkoperation_1' is getting deleted, but was never included in a network. This probably means that you did not store the object reference in a variable, or that the variable was not used to construct the network.
The object was created here (most recent call only):
  File '/mnt/ssd4tb/Desktop/website/personalwebsite/scripts/brain/wave2/option_alpha_avar_cell.py', line 167, in _factory
    @network_operation(dt=0.025 * ms) [brian2.core.base.unused_brian_object]

  W_graded_I = 0.3 pA, soft-cap warnings 218, AVAL V_end -23.7 mV, AVAR V_end -24.3 mV

  LIF cascade (firing_rates() → Hz, genuine rate):
  cell      baseline     touch   Δ_touch
  ALML        0.50     63.50    +63.00
  ALMR        1.00     61.50    +60.50
  AVM         0.50     63.00    +62.50
  PVCL        1.00      0.00     -1.00
  PVCR        1.00      0.00     -1.00
  AVDL        9.50     11.50     +2.00
  AVDR       10.00      8.00     -2.00
  AVEL       14.50     14.50     +0.00
  AVER       15.50     18.50     +3.00
  AVBL       20.50     22.00     +1.50
  AVBR       19.00     14.50     -4.50
  AIBL        9.50     17.00     +7.50
  AIBR       10.50     18.00     +7.50
  RIML       28.50     33.00     +4.50
  RIMR       28.50     37.50     +9.00
  AIYL       10.00     14.00     +4.00
  AIYR       11.50     16.50     +5.00

  Wave 2 cells (σ-magnitude readout — canonical post-D7-followup):
  cell        σ_base   σ_touch        Δσ   rate_base  rate_touch     Δrate
  AVAL      0.6489    0.6220   -0.0269       64.89       62.20     -2.69
  AVAR      0.6621    0.6250   -0.0371       66.21       62.50     -3.71

  Legacy pseudo-spike counts (Decision 7(a) detector, NOT consumed by firing_rates()):
    AVAL: 21 events over 9 s
    AVAR: 21 events over 9 s

==============================================================================
  CP2 test point: W_graded_I = 10.0 pA
==============================================================================

  W_graded_I = 10.0 pA, soft-cap warnings 1104, AVAL V_end -16.1 mV, AVAR V_end -15.6 mV

  LIF cascade (firing_rates() → Hz, genuine rate):
  cell      baseline     touch   Δ_touch
  ALML        1.00     67.00    +66.00
  ALMR        1.00     63.50    +62.50
  AVM         0.50     60.00    +59.50
  PVCL      113.00     78.50    -34.50
  PVCR      106.50     71.50    -35.00
  AVDL      102.50     74.50    -28.00
  AVDR      100.50     75.50    -25.00
  AVEL       67.50     55.00    -12.50
  AVER       82.50     67.50    -15.00
  AVBL      109.50     85.50    -24.00
  AVBR      119.00     83.50    -35.50
  AIBL       10.50     16.50     +6.00
  AIBR       13.50     20.50     +7.00
  RIML       38.00     38.50     +0.50
  RIMR       45.50     43.00     -2.50
  AIYL       11.00     16.50     +5.50
  AIYR       12.00     20.00     +8.00

  Wave 2 cells (σ-magnitude readout — canonical post-D7-followup):
  cell        σ_base   σ_touch        Δσ   rate_base  rate_touch     Δrate
  AVAL      0.8053    0.7833   -0.0220       80.53       78.33     -2.20
  AVAR      0.8257    0.8057   -0.0200       82.57       80.57     -2.00

  Legacy pseudo-spike counts (Decision 7(a) detector, NOT consumed by firing_rates()):
    AVAL: 1 events over 9 s
    AVAR: 1 events over 9 s

[CP2 results written] /mnt/ssd4tb/Desktop/website/personalwebsite/scripts/brain/wave2/artifacts/phase_delta_wb3_d7followup_cp2_results.json

==============================================================================
  CP2 ACCEPTANCE SUMMARY — σ-magnitude readout vs original CP4 artifact
==============================================================================
    W_pA  cell      orig pseudo Δ_Hz     σ Δ (raw)     σ×100 Δ (proxy)
     0.3  AVAL               -0.5000       -0.0269             -2.6869
     0.3  AVAR               +1.0000       -0.0371             -3.7085
    10.0  AVAL               +0.0000       -0.0220             -2.1995
    10.0  AVAR               +0.0000       -0.0200             -2.0024

  ARTIFACT RESOLVED if σ Δ shows substantive cascade activation where original
  pseudo-spike Δ was ≈ 0 (especially at W=10 pA where σ saturated).
