==============================================================================================================
Pump scaling variants — head-to-head
==============================================================================================================

A = AVAL anchor (no per-cell scaling)
B = damped (sqrt of TPM ratio)
C = full TPM ratio (current default)

cell     | variant  |     V mV |      Ca μM |   Na mM |    K mM |  Cl mM | OK
------------------------------------------------------------------------------------------
HSN      | A        |   -43.85 |    293.463 |   12.09 |   83.08 |   5.04 | WARN
HSN      | B        |   -43.95 |    294.479 |   14.01 |   81.79 |   5.03 | WARN
HSN      | C        |   -44.01 |    292.537 |   17.26 |   79.53 |   5.04 | WARN
------------------------------------------------------------------------------------------
RIB      | A        |   -43.95 |    200.230 |   16.85 |   96.24 |   4.82 | WARN
RIB      | B        |   -43.79 |    191.917 |   25.03 |   90.64 |   4.90 | WARN
RIB      | C        |   -42.11 |    169.878 |   43.39 |   78.55 |   5.15 | WARN
------------------------------------------------------------------------------------------
VD_DD    | A        |   -50.17 |    194.465 |   10.54 |  100.38 |   4.74 | WARN
VD_DD    | B        |   -50.25 |    191.608 |   10.32 |  101.03 |   4.67 | WARN
VD_DD    | C        |   -50.37 |    187.888 |   10.12 |  101.88 |   4.59 | WARN
------------------------------------------------------------------------------------------
RIM      | A        |   -59.54 |      5.355 |   13.36 |  129.08 |   4.37 | WARN
RIM      | B        |   -57.69 |     10.103 |   35.87 |  107.87 |   4.61 | WARN
RIM      | C        |   -50.65 |     15.111 |   66.77 |   79.46 |   4.91 | WARN
------------------------------------------------------------------------------------------
AVE      | A        |   -41.48 |     32.116 |   35.09 |  111.95 |   4.59 | WARN
AVE      | B        |   -35.09 |     29.117 |   77.10 |   76.21 |   5.19 | WARN
AVE      | C        |   -26.79 |     34.971 |  111.08 |   47.09 |   6.25 | WARN
------------------------------------------------------------------------------------------
AVA      | A        |   -63.10 |      1.128 |   14.27 |  129.01 |   4.37 | WARN
AVA      | B        |   -63.10 |      1.127 |   14.27 |  129.01 |   4.37 | WARN
AVA      | C        |   -63.10 |      1.127 |   14.27 |  129.01 |   4.37 | WARN
------------------------------------------------------------------------------------------
AIY      | A        |   -86.79 |      0.052 |    4.62 |  142.84 |   4.22 | OK 
AIY      | B        |   -86.79 |      0.055 |    7.10 |  142.96 |   4.66 | OK 
AIY      | C        |   -85.78 |      0.060 |   13.15 |  138.00 |   4.90 | OK 
------------------------------------------------------------------------------------------
ASEL     | A        |   -69.39 |      0.063 |    9.23 |  131.42 |   4.34 | OK 
ASEL     | B        |   -70.66 |      0.070 |   20.53 |  124.76 |   4.96 | OK 
ASEL     | C        |   -63.85 |      0.127 |   63.47 |   84.92 |   5.00 | WARN
------------------------------------------------------------------------------------------
AWA      | A        |   -68.59 |      0.085 |    9.40 |  131.57 |   4.34 | OK 
AWA      | B        |   -65.64 |      0.207 |   50.10 |   96.43 |   4.79 | WARN
AWA      | C        |   -54.33 |      3.170 |   94.71 |   57.03 |   5.11 | WARN
------------------------------------------------------------------------------------------

Plausibility tally:
  variant A: 3/9 plausible
  variant B: 2/9 plausible
  variant C: 1/9 plausible
