==============================================================================
Path 2 scalable — full 128-class sweep (1500.0 ms rest)
==============================================================================

  [ 10/128] AIY      ok             ch= 4 V= -85.8
  [ 20/128] ASH      ok             ch= 6 V= -70.0
  [ 30/128] AVG      ok             ch= 6 V= -78.7
  [ 40/128] BAG      ok             ch= 6 V= -69.2
  [ 50/128] DVC      ok             ch= 6 V= -78.0
  [ 60/128] IL2_DV   ok             ch= 8 V= -67.5
  [ 70/128] NSM      ok             ch= 5 V= -74.4
  [ 80/128] PLN      ok             ch= 8 V= -55.4
  [ 90/128] PVW      ok             ch= 7 V= -67.0
  [100/128] RIR      ok             ch= 7 V= -70.1
  [110/128] SAA      ok             ch= 6 V= -72.2
  [120/128] URY      ok             ch= 6 V= -75.0

==============================================================================
Distribution
==============================================================================
  Built + simulated: 128/128
  No expressed channels (empty):   0/128
  Errors during build/sim:         0/128
  Plausible state (V/ion ranges): 124/128

  V_rest distribution:
    min/max:    -85.8 / -41.5 mV
    mean ± std: -67.2 ± 8.4 mV
    median:     -68.4 mV
    quartiles:  -72.2 / -64.1 mV
    [-120,  -80):   4 #
    [ -80,  -60): 101 ###############################
    [ -60,  -40):  23 #######
    [ -40,  -20):   0 
    [ -20,   +0):   0 
    [  +0,  +60):   0 

  Channel count distribution:
    1 channels:   1 
    3 channels:   1 
    4 channels:  12 ###
    5 channels:  19 #####
    6 channels:  40 ############
    7 channels:  31 #########
    8 channels:  21 ######
    9 channels:   3 

  Ca_in distribution:
    median: 0.134 μM, max: 293.463 μM
    cells with Ca > 1 μM: 25/128

  Detailed results: /mnt/ssd4tb/Desktop/website/personalwebsite/scripts/brain/wave2/artifacts/scalable_128_sweep.json
