==============================================================================
  Wave2HybridBrain investigation W2 — M2-pure cascade test
==============================================================================
  Protocol: 30 s touch_anterior, AVAL+AVAR active as Wave 2 cells,
            per-edge sign mode, NO DOCUMENTED_SIGN_EXCEPTIONS
  Reference baselines:
    Pure LIFBrain M2-pure:    AVAL Δ +60.2 Hz (Phase 1A)
    W2HybridBrain M2-current: AVAL σ Δ -0.0165 (CP2 D7-followup)
==============================================================================

  Soft-cap warnings: 378
  AVAL V_end: -18.4 mV
  AVAR V_end: -18.7 mV

  LIF cascade (firing_rates() Hz, genuine spike rates):
  cell      baseline     touch   Δ_touch
  ALML        1.00     61.50    +60.50
  ALMR        1.00     61.50    +60.50
  AVM         0.50     62.00    +61.50
  PVCL        2.50     52.00    +49.50
  PVCR        2.00     69.00    +67.00
  AVDL        9.00     69.50    +60.50
  AVDR        9.00     60.00    +51.00
  AVEL       21.50     47.50    +26.00
  AVER       11.50     42.50    +31.00
  AVBL        3.00     41.50    +38.50
  AVBR        4.50     56.00    +51.50
  AIBL       14.00     11.50     -2.50
  AIBR       10.00     14.00     +4.00
  RIML       17.50     20.00     +2.50
  RIMR       25.00     25.00     +0.00
  AIYL        0.50      2.50     +2.00
  AIYR        1.00      1.50     +0.50

  Wave 2 cells (σ-magnitude readout):
  cell        σ_base   σ_touch   σ_recov   Δ_touch    Δ_post
  AVAL      0.6427    0.7431    0.7381   +0.1005   -0.0050
  AVAR      0.6470    0.7477    0.7395   +0.1007   -0.0082

==============================================================================
  W2 ACCEPTANCE SUMMARY
==============================================================================
  AVDL Δ peri-touch:  +60.50 Hz   (reference pure-LIF M2-pure: +60.4 Hz)
  AVAL σ Δ peri-touch: +0.1005    (reference M2-current: -0.0165)
  AVAL σ Δ post-touch: -0.0050    (drift baseline)

  VERDICT: cascade fires + AVA σ activates. Factor (a) [DOCUMENTED_SIGN_EXCEPTIONS] was the C-37 cause.
           Wave 2 substitution itself is fine.

[results written] /mnt/ssd4tb/Desktop/website/personalwebsite/scripts/brain/wave2/artifacts/wb_investigation_w2_m2pure_results.json
